// Jest Snapshot v1, https://goo.gl/fbAQLP

exports[`/App snapshot test 1`] = `
ShallowWrapper {
  Symbol(enzyme.__root__): [Circular],
  Symbol(enzyme.__unrendered__): <_default>
    <App />
  </_default>,
  Symbol(enzyme.__renderer__): Object {
    "batchedUpdates": [Function],
    "checkPropTypes": [Function],
    "getNode": [Function],
    "render": [Function],
    "simulateError": [Function],
    "simulateEvent": [Function],
    "unmount": [Function],
  },
  Symbol(enzyme.__node__): Object {
    "instance": null,
    "key": undefined,
    "nodeType": "class",
    "props": Object {
      "children": <App />,
      "page": PageStore {
        "currentPath": "/",
        "loadingPages": Array [],
        Symbol(mobx did run lazy initializers): true,
        Symbol(mobx administration): ObservableObjectAdministration$$1 {
          "defaultEnhancer": [Function],
          "keysAtom": Atom$$1 {
            "diffValue": 0,
            "isBeingObserved": false,
            "isPendingUnobservation": false,
            "lastAccessedBy": 0,
            "lowestObserverState": 2,
            "name": "PageStore@2.keys",
            "observers": Set {},
          },
          "name": "PageStore@2",
          "target": [Circular],
          "values": Map {
            "currentPath" => "/",
            "loadingPages" => Array [],
          },
        },
      },
      "scroll": ScrollStore {
        "height": 0,
        "movedScrollY": 0,
        "scrollY": 0,
        Symbol(mobx did run lazy initializers): true,
        Symbol(mobx administration): ObservableObjectAdministration$$1 {
          "defaultEnhancer": [Function],
          "keysAtom": Atom$$1 {
            "diffValue": 0,
            "isBeingObserved": false,
            "isPendingUnobservation": false,
            "lastAccessedBy": 0,
            "lowestObserverState": 2,
            "name": "ScrollStore@3.keys",
            "observers": Set {},
          },
          "name": "ScrollStore@3",
          "target": [Circular],
          "values": Map {
            "scrollY" => 0,
            "movedScrollY" => 0,
            "height" => 0,
          },
        },
      },
    },
    "ref": null,
    "rendered": Object {
      "instance": null,
      "key": undefined,
      "nodeType": "class",
      "props": Object {},
      "ref": null,
      "rendered": null,
      "type": [Function],
    },
    "type": [Function],
  },
  Symbol(enzyme.__nodes__): Array [
    Object {
      "instance": null,
      "key": undefined,
      "nodeType": "class",
      "props": Object {
        "children": <App />,
        "page": PageStore {
          "currentPath": "/",
          "loadingPages": Array [],
          Symbol(mobx did run lazy initializers): true,
          Symbol(mobx administration): ObservableObjectAdministration$$1 {
            "defaultEnhancer": [Function],
            "keysAtom": Atom$$1 {
              "diffValue": 0,
              "isBeingObserved": false,
              "isPendingUnobservation": false,
              "lastAccessedBy": 0,
              "lowestObserverState": 2,
              "name": "PageStore@2.keys",
              "observers": Set {},
            },
            "name": "PageStore@2",
            "target": [Circular],
            "values": Map {
              "currentPath" => "/",
              "loadingPages" => Array [],
            },
          },
        },
        "scroll": ScrollStore {
          "height": 0,
          "movedScrollY": 0,
          "scrollY": 0,
          Symbol(mobx did run lazy initializers): true,
          Symbol(mobx administration): ObservableObjectAdministration$$1 {
            "defaultEnhancer": [Function],
            "keysAtom": Atom$$1 {
              "diffValue": 0,
              "isBeingObserved": false,
              "isPendingUnobservation": false,
              "lastAccessedBy": 0,
              "lowestObserverState": 2,
              "name": "ScrollStore@3.keys",
              "observers": Set {},
            },
            "name": "ScrollStore@3",
            "target": [Circular],
            "values": Map {
              "scrollY" => 0,
              "movedScrollY" => 0,
              "height" => 0,
            },
          },
        },
      },
      "ref": null,
      "rendered": Object {
        "instance": null,
        "key": undefined,
        "nodeType": "class",
        "props": Object {},
        "ref": null,
        "rendered": null,
        "type": [Function],
      },
      "type": [Function],
    },
  ],
  Symbol(enzyme.__options__): Object {
    "adapter": ReactSixteenAdapter {
      "options": Object {
        "enableComponentDidUpdateOnSetState": true,
        "legacyContextMode": "parent",
        "lifecycles": Object {
          "componentDidUpdate": Object {
            "onSetState": true,
          },
          "getChildContext": Object {
            "calledByRenderer": false,
          },
          "getDerivedStateFromProps": true,
          "getSnapshotBeforeUpdate": true,
          "setState": Object {
            "skipsComponentDidUpdateOnNullish": true,
          },
        },
      },
    },
  },
}
`;
